// Jest Snapshot v1, https://goo.gl/fbAQLP

exports[`[SNAP] About view loads and renders as expected 1`] = `
<div
  className="sc-ifAKCX fVKAHz"
>
  <header
    className="sc-bxivhb eNGRYy"
  >
    <img
      alt="logo"
      className="sc-htpNat lkfFGP"
      src="logo.svg"
    />
    <h2>
      Welcome to 
      React
    </h2>
  </header>
  <p>
    Head to the 
    <a
      href="/"
      onClick={[Function]}
      onMouseDown={false}
      onTouchStart={false}
      target={undefined}
    >
      Home Page
    </a>
    .
  </p>
</div>
`;
